mode: set
user-management/internal/response/response.go:25.69,31.2 1 1
user-management/internal/models/user.go:20.57,23.2 2 1
user-management/internal/middleware/auth_middleware.go:16.39,17.30 1 1
user-management/internal/middleware/auth_middleware.go:17.30,19.23 2 1
user-management/internal/middleware/auth_middleware.go:19.23,28.4 3 1
user-management/internal/middleware/auth_middleware.go:30.3,31.46 2 1
user-management/internal/middleware/auth_middleware.go:31.46,40.4 3 1
user-management/internal/middleware/auth_middleware.go:42.3,44.17 3 1
user-management/internal/middleware/auth_middleware.go:44.17,53.4 3 1
user-management/internal/middleware/auth_middleware.go:55.3,55.84 1 1
user-management/internal/middleware/auth_middleware.go:55.84,56.46 1 1
user-management/internal/middleware/auth_middleware.go:56.46,58.5 1 1
user-management/internal/middleware/auth_middleware.go:59.4,59.30 1 1
user-management/internal/middleware/auth_middleware.go:62.3,62.33 1 1
user-management/internal/middleware/auth_middleware.go:62.33,71.4 3 1
user-management/internal/middleware/auth_middleware.go:72.3,73.10 2 1
user-management/internal/middleware/auth_middleware.go:73.10,82.4 3 0
user-management/internal/middleware/auth_middleware.go:84.3,85.10 2 1
user-management/internal/middleware/auth_middleware.go:85.10,94.4 3 0
user-management/internal/middleware/auth_middleware.go:96.3,96.47 1 1
user-management/internal/middleware/auth_middleware.go:96.47,105.4 3 0
user-management/internal/middleware/auth_middleware.go:107.3,108.11 2 1
user-management/internal/config/auth.go:10.34,12.18 2 1
user-management/internal/config/auth.go:12.18,14.3 1 1
user-management/internal/config/auth.go:16.2,16.20 1 1
user-management/internal/config/database.go:20.37,21.53 1 1
user-management/internal/config/database.go:21.53,22.32 1 1
user-management/internal/config/database.go:22.32,24.4 1 1
user-management/internal/config/database.go:26.2,26.12 1 1
user-management/internal/config/database.go:29.31,31.19 2 1
user-management/internal/config/database.go:31.19,33.3 1 1
user-management/internal/config/database.go:34.2,34.16 1 1
user-management/internal/config/database.go:37.42,38.43 1 1
user-management/internal/config/database.go:38.43,40.3 1 0
user-management/internal/config/database.go:42.2,42.49 1 1
user-management/internal/config/database.go:42.49,44.3 1 0
user-management/internal/config/database.go:46.2,56.16 3 1
user-management/internal/config/database.go:56.16,58.3 1 1
user-management/internal/config/database.go:59.2,60.16 2 0
user-management/internal/config/database.go:60.16,62.3 1 0
user-management/internal/config/database.go:64.2,64.16 1 0
user-management/internal/handler/auth_handler.go:24.67,26.2 1 1
user-management/internal/handler/auth_handler.go:28.48,30.59 2 1
user-management/internal/handler/auth_handler.go:30.59,38.3 2 1
user-management/internal/handler/auth_handler.go:40.2,46.54 2 1
user-management/internal/handler/auth_handler.go:46.54,47.51 1 1
user-management/internal/handler/auth_handler.go:47.51,55.4 2 0
user-management/internal/handler/auth_handler.go:57.3,63.9 2 1
user-management/internal/handler/auth_handler.go:67.2,72.4 1 1
user-management/internal/handler/auth_handler.go:75.45,82.56 2 1
user-management/internal/handler/auth_handler.go:82.56,90.3 2 1
user-management/internal/handler/auth_handler.go:92.2,93.16 2 1
user-management/internal/handler/auth_handler.go:93.16,101.3 2 1
user-management/internal/handler/auth_handler.go:103.2,103.46 1 1
user-management/internal/handler/user_handler.go:16.67,18.2 1 1
user-management/internal/handler/user_handler.go:20.48,22.16 2 1
user-management/internal/handler/user_handler.go:22.16,30.3 2 1
user-management/internal/handler/user_handler.go:33.2,34.29 2 1
user-management/internal/handler/user_handler.go:34.29,41.3 1 1
user-management/internal/handler/user_handler.go:44.2,44.26 1 1
user-management/internal/handler/user_handler.go:44.26,46.3 1 1
user-management/internal/handler/user_handler.go:48.2,48.54 1 1
user-management/cmd/api/main.go:16.48,16.78 1 0
user-management/cmd/api/main.go:18.13,21.16 2 1
user-management/cmd/api/main.go:21.16,23.3 1 0
user-management/cmd/api/main.go:26.2,39.37 8 1
user-management/cmd/api/main.go:39.37,41.3 1 0
user-management/internal/server/router.go:13.15,17.2 3 1
user-management/internal/server/router.go:17.2,23.3 5 1
user-management/internal/server/router.go:23.3,25.4 1 1
user-management/internal/server/router.go:27.2,27.10 1 1
user-management/internal/repository/user_repository.go:20.53,22.2 1 1
user-management/internal/repository/user_repository.go:24.58,26.2 1 1
user-management/internal/repository/user_repository.go:28.80,32.2 3 1
user-management/internal/repository/user_repository.go:34.59,38.2 3 1
user-management/internal/service/auth_service.go:29.65,31.2 1 1
user-management/internal/service/auth_service.go:33.57,36.16 2 1
user-management/internal/service/auth_service.go:36.16,38.3 1 0
user-management/internal/service/auth_service.go:39.2,42.43 3 1
user-management/internal/service/auth_service.go:42.43,44.3 1 0
user-management/internal/service/auth_service.go:45.2,45.12 1 1
user-management/internal/service/auth_service.go:48.72,50.16 2 1
user-management/internal/service/auth_service.go:50.16,52.3 1 1
user-management/internal/service/auth_service.go:54.2,55.16 2 1
user-management/internal/service/auth_service.go:55.16,57.3 1 1
user-management/internal/service/auth_service.go:60.2,66.16 3 1
user-management/internal/service/auth_service.go:66.16,68.3 1 0
user-management/internal/service/auth_service.go:70.2,71.16 2 1
user-management/internal/service/auth_service.go:71.16,73.3 1 0
user-management/internal/service/auth_service.go:75.2,75.25 1 1
user-management/internal/service/user_service.go:16.65,18.2 1 1
user-management/internal/service/user_service.go:20.60,22.2 1 1
